// Jest Snapshot v1, https://goo.gl/fbAQLP

exports[`bug 1`] = `Object {}`;
