// Jest Snapshot v1, https://goo.gl/fbAQLP

exports[`happy 1`] = `
"
â„¹ /home/s/repos/joke-maker/src/app/rough-demo/rough-demo.component.html linted with PrettyHTML

--------------|----------|---------|---------|-------------------
"
`;
