// Jest Snapshot v1, https://goo.gl/fbAQLP

exports[`new jest 1`] = `
Object {
  "libs/sort-package-json/sort-package-json.spec.js": Array [
    Object {
      "decoration": "{ type: 'object' } { type: 'boolean' } ",
      "lineNumber": "6",
    },
    Object {
      "decoration": "{ array: 'not array' }",
      "lineNumber": "7",
    },
    Object {
      "decoration": "{ keys: [ 'unsortedKeys', 'sortedKeys' ] }",
      "lineNumber": "8",
    },
    Object {
      "decoration": "{ unsortedKeys: [ 'name', 'version', 'description', 'author', 'license', 'scripts', 'dependencies', 'devDependencie",
      "lineNumber": "9",
    },
  ],
}
`;
