// Jest Snapshot v1, https://goo.gl/fbAQLP

exports[`happy 1`] = `
Array [
  Array [
    Object {
      "channel": "show",
      "message": "🐰 st: 100 br: 100 fn: 100 lns: 100",
    },
  ],
  Array [
    Object {
      "channel": "tooltip",
      "message": "ts-jest[versions] (WARN) Version 25.1.0 of jest installed has not been tested with ts-jest. If you're experiencing issues, consider using a supported version (>=24.0.0 <25.0.0). Please do not report issues in ts-jest if you are using unsupported versions.
----------|---------|----------|---------|---------|-------------------
File      | % Stmts | % Branch | % Funcs | % Lines | Uncovered Line #s 
----------|---------|----------|---------|---------|-------------------
All files |     100 |      100 |     100 |     100 |                   
 foo.ts   |     100 |      100 |     100 |     100 |                   
----------|---------|----------|---------|---------|-------------------
",
    },
  ],
  Array [
    Object {
      "channel": "additional",
      "message": "",
    },
  ],
]
`;
