// Jest Snapshot v1, https://goo.gl/fbAQLP

exports[`angular spec 1`] = `
Array [
  Object {
    "firstBarMessage": "üê∞ st: 100 br: 100 fn: 100 lns: 100",
    "hasDecorations": true,
    "newDecorations": Object {
      "correct": false,
      "logData": Array [
        "3",
      ],
    },
    "secondBarMessage": undefined,
  },
]
`;
