// Jest Snapshot v1, https://goo.gl/fbAQLP

exports[`typescipt scenario 1`] = `
Object {
  "emited": Array [
    Array [
      Object {
        "firstBarMessage": "LINT ACTION",
        "hasDecorations": false,
        "secondBarMessage": undefined,
        "thirdBarMessage": " modules/getNextTag.ts",
      },
    ],
    Array [
      Object {
        "firstBarMessage": "NO ACTION",
        "hasDecorations": false,
        "secondBarMessage": undefined,
        "thirdBarMessage": "modules/getNextTag.spec.ts",
      },
    ],
    Array [
      Object {
        "firstBarMessage": "LINT ACTION",
        "hasDecorations": false,
        "secondBarMessage": undefined,
        "thirdBarMessage": " modules/getNextTag.ts",
      },
    ],
  ],
  "linted": Array [],
}
`;
